[2024-12-25 13:28:41.318] [puff::index::jointLog] [info] Running fixFasta
[2024-12-25 13:28:41.328] [puff::index::jointLog] [warning] Removed 19 transcripts that were sequence duplicates of indexed transcripts.
[2024-12-25 13:28:41.328] [puff::index::jointLog] [warning] If you wish to retain duplicate transcripts, please use the `--keepDuplicates` flag
[2024-12-25 13:28:41.328] [puff::index::jointLog] [info] Replaced 1 non-ATCG nucleotides
[2024-12-25 13:28:41.328] [puff::index::jointLog] [info] Clipped poly-A tails from 1 transcripts
[2024-12-25 13:28:41.329] [puff::index::jointLog] [info] Filter size not provided; estimating from number of distinct k-mers
[2024-12-25 13:28:41.331] [puff::index::jointLog] [info] ntHll estimated 58651 distinct k-mers, setting filter size to 2^20
[2024-12-25 13:28:41.410] [puff::index::jointLog] [info] Starting the Pufferfish indexing by reading the GFA binary file.
[2024-12-25 13:28:41.410] [puff::index::jointLog] [info] Setting the index/BinaryGfa directory hg38-tRNAs-25bp
[2024-12-25 13:28:41.410] [puff::index::jointLog] [info] Done wrapping the rank vector with a rank9sel structure.
[2024-12-25 13:28:41.410] [puff::index::jointLog] [info] contig count for validation: 1,430
[2024-12-25 13:28:41.411] [puff::index::jointLog] [info] Total # of Contigs : 1,430
[2024-12-25 13:28:41.411] [puff::index::jointLog] [info] Total # of numerical Contigs : 1,430
[2024-12-25 13:28:41.411] [puff::index::jointLog] [info] Total # of contig vec entries: 3,558
[2024-12-25 13:28:41.411] [puff::index::jointLog] [info] bits per offset entry 12
[2024-12-25 13:28:41.411] [puff::index::jointLog] [info] Done constructing the contig vector. 1431
[2024-12-25 13:28:41.412] [puff::index::jointLog] [info] # segments = 1,430
[2024-12-25 13:28:41.412] [puff::index::jointLog] [info] total length = 70,308
[2024-12-25 13:28:41.412] [puff::index::jointLog] [info] Reading the reference files ...
[2024-12-25 13:28:41.414] [puff::index::jointLog] [info] positional integer width = 17
[2024-12-25 13:28:41.414] [puff::index::jointLog] [info] seqSize = 70,308
[2024-12-25 13:28:41.414] [puff::index::jointLog] [info] rankSize = 70,308
[2024-12-25 13:28:41.414] [puff::index::jointLog] [info] edgeVecSize = 0
[2024-12-25 13:28:41.414] [puff::index::jointLog] [info] num keys = 27,408
[2024-12-25 13:28:41.434] [puff::index::jointLog] [info] mphf size = 0.0178223 MB
[2024-12-25 13:28:41.434] [puff::index::jointLog] [info] chunk size = 35,154
[2024-12-25 13:28:41.434] [puff::index::jointLog] [info] chunk 0 = [0, 35,183)
[2024-12-25 13:28:41.434] [puff::index::jointLog] [info] chunk 1 = [35,183, 70,278)
[2024-12-25 13:28:41.437] [puff::index::jointLog] [info] finished populating pos vector
[2024-12-25 13:28:41.437] [puff::index::jointLog] [info] writing index components
[2024-12-25 13:28:41.437] [puff::index::jointLog] [info] finished writing dense pufferfish index
