[2024-10-18 15:35:07.863] [puff::index::jointLog] [info] Running fixFasta
[2024-10-18 15:35:07.882] [puff::index::jointLog] [warning] Removed 18 transcripts that were sequence duplicates of indexed transcripts.
[2024-10-18 15:35:07.882] [puff::index::jointLog] [warning] If you wish to retain duplicate transcripts, please use the `--keepDuplicates` flag
[2024-10-18 15:35:07.882] [puff::index::jointLog] [info] Replaced 0 non-ATCG nucleotides
[2024-10-18 15:35:07.882] [puff::index::jointLog] [info] Clipped poly-A tails from 0 transcripts
[2024-10-18 15:35:07.884] [puff::index::jointLog] [info] Filter size not provided; estimating from number of distinct k-mers
[2024-10-18 15:35:07.887] [puff::index::jointLog] [info] ntHll estimated 67667 distinct k-mers, setting filter size to 2^21
[2024-10-18 15:35:08.008] [puff::index::jointLog] [info] Starting the Pufferfish indexing by reading the GFA binary file.
[2024-10-18 15:35:08.008] [puff::index::jointLog] [info] Setting the index/BinaryGfa directory hg38-tRNAs-50bp
[2024-10-18 15:35:08.008] [puff::index::jointLog] [info] Done wrapping the rank vector with a rank9sel structure.
[2024-10-18 15:35:08.008] [puff::index::jointLog] [info] contig count for validation: 1,493
[2024-10-18 15:35:08.009] [puff::index::jointLog] [info] Total # of Contigs : 1,493
[2024-10-18 15:35:08.009] [puff::index::jointLog] [info] Total # of numerical Contigs : 1,493
[2024-10-18 15:35:08.009] [puff::index::jointLog] [info] Total # of contig vec entries: 3,682
[2024-10-18 15:35:08.009] [puff::index::jointLog] [info] bits per offset entry 12
[2024-10-18 15:35:08.009] [puff::index::jointLog] [info] Done constructing the contig vector. 1494
[2024-10-18 15:35:08.010] [puff::index::jointLog] [info] # segments = 1,493
[2024-10-18 15:35:08.010] [puff::index::jointLog] [info] total length = 91,267
[2024-10-18 15:35:08.010] [puff::index::jointLog] [info] Reading the reference files ...
[2024-10-18 15:35:08.012] [puff::index::jointLog] [info] positional integer width = 17
[2024-10-18 15:35:08.012] [puff::index::jointLog] [info] seqSize = 91,267
[2024-10-18 15:35:08.012] [puff::index::jointLog] [info] rankSize = 91,267
[2024-10-18 15:35:08.012] [puff::index::jointLog] [info] edgeVecSize = 0
[2024-10-18 15:35:08.012] [puff::index::jointLog] [info] num keys = 46,477
[2024-10-18 15:35:08.036] [puff::index::jointLog] [info] mphf size = 0.0297318 MB
[2024-10-18 15:35:08.036] [puff::index::jointLog] [info] chunk size = 45,634
[2024-10-18 15:35:08.036] [puff::index::jointLog] [info] chunk 0 = [0, 45,634)
[2024-10-18 15:35:08.036] [puff::index::jointLog] [info] chunk 1 = [45,634, 91,237)
[2024-10-18 15:35:08.041] [puff::index::jointLog] [info] finished populating pos vector
[2024-10-18 15:35:08.041] [puff::index::jointLog] [info] writing index components
[2024-10-18 15:35:08.041] [puff::index::jointLog] [info] finished writing dense pufferfish index
